// Jest Snapshot v1, https://goo.gl/fbAQLP

exports[`Parser parseFile produces documents for each request 1`] = `
Array [
  Object {
    "actionsExecuted": Array [
      "forward",
    ],
    "chosenCertArn": "arn:aws:acm:eu-west-2:123456789012:certificate/887fba39-8ccc-4274-8b3f-10da0f1a5540",
    "clientIp": "1.2.3.4",
    "clientPort": 56716,
    "domainName": "example-lb.jsherz.com",
    "elb": "app/jsj-test-lb/cb82e1b11d63594a",
    "elbStatusCode": 200,
    "errorReason": null,
    "matchedRulePriority": 0,
    "receivedBytes": 274,
    "redirectUrl": null,
    "request": "GET https://example-lb.jsherz.com:443/ HTTP/2.0",
    "requestCreationTime": "2019-05-19T18:57:23.307000Z",
    "requestProcessingTime": 0,
    "responseProcessingTime": 0,
    "sentBytes": 3672,
    "sslCipher": "ECDHE-RSA-AES128-GCM-SHA256",
    "sslProtocol": "TLSv1.2",
    "targetGroupArn": "arn:aws:elasticloadbalancing:eu-west-2:123456789012:targetgroup/my-example/dc5cd405ccb3bda2",
    "targetIp": "172.31.12.189",
    "targetPort": 3000,
    "targetProcessingTime": 0,
    "targetStatusCode": 200,
    "timestamp": "2019-05-19T18:57:23.309234Z",
    "traceId": "Root=1-5ce1a713-24556940a6452a00294d3990",
    "type": "h2",
    "userAgent": "Mozilla/5.0 (Macintosh; Intel Mac OS X 10_14_4) AppleWebKit/537.36 (KHTML, like Gecko) Chrome/74.0.3729.157 Safari/537.36",
  },
  Object {
    "actionsExecuted": Array [
      "forward",
    ],
    "chosenCertArn": "arn:aws:acm:eu-west-2:123456789012:certificate/887fba39-8ccc-4274-8b3f-10da0f1a5540",
    "clientIp": "1.2.3.4",
    "clientPort": 56716,
    "domainName": "example-lb.jsherz.com",
    "elb": "app/jsj-test-lb/cb82e1b11d63594a",
    "elbStatusCode": 404,
    "errorReason": null,
    "matchedRulePriority": 0,
    "receivedBytes": 80,
    "redirectUrl": null,
    "request": "GET https://example-lb.jsherz.com:443/nginx-logo.png HTTP/2.0",
    "requestCreationTime": "2019-05-19T18:57:23.376000Z",
    "requestProcessingTime": 0,
    "responseProcessingTime": 0,
    "sentBytes": 3776,
    "sslCipher": "ECDHE-RSA-AES128-GCM-SHA256",
    "sslProtocol": "TLSv1.2",
    "targetGroupArn": "arn:aws:elasticloadbalancing:eu-west-2:123456789012:targetgroup/my-example/dc5cd405ccb3bda2",
    "targetIp": "172.31.10.152",
    "targetPort": 3000,
    "targetProcessingTime": 0,
    "targetStatusCode": 404,
    "timestamp": "2019-05-19T18:57:23.377833Z",
    "traceId": "Root=1-5ce1a713-0b076940c5d129000f07cb70",
    "type": "h2",
    "userAgent": "Mozilla/5.0 (Macintosh; Intel Mac OS X 10_14_4) AppleWebKit/537.36 (KHTML, like Gecko) Chrome/74.0.3729.157 Safari/537.36",
  },
  Object {
    "actionsExecuted": Array [
      "forward",
    ],
    "chosenCertArn": "arn:aws:acm:eu-west-2:123456789012:certificate/887fba39-8ccc-4274-8b3f-10da0f1a5540",
    "clientIp": "1.2.3.4",
    "clientPort": 56716,
    "domainName": "example-lb.jsherz.com",
    "elb": "app/jsj-test-lb/cb82e1b11d63594a",
    "elbStatusCode": 404,
    "errorReason": null,
    "matchedRulePriority": 0,
    "receivedBytes": 24,
    "redirectUrl": null,
    "request": "GET https://example-lb.jsherz.com:443/favicon.ico HTTP/2.0",
    "requestCreationTime": "2019-05-19T18:57:23.574000Z",
    "requestProcessingTime": 0,
    "responseProcessingTime": 0,
    "sentBytes": 3767,
    "sslCipher": "ECDHE-RSA-AES128-GCM-SHA256",
    "sslProtocol": "TLSv1.2",
    "targetGroupArn": "arn:aws:elasticloadbalancing:eu-west-2:123456789012:targetgroup/my-example/dc5cd405ccb3bda2",
    "targetIp": "172.31.12.189",
    "targetPort": 3000,
    "targetProcessingTime": 0,
    "targetStatusCode": 404,
    "timestamp": "2019-05-19T18:57:23.575114Z",
    "traceId": "Root=1-5ce1a713-14798f707fcc8b80f2496660",
    "type": "h2",
    "userAgent": "Mozilla/5.0 (Macintosh; Intel Mac OS X 10_14_4) AppleWebKit/537.36 (KHTML, like Gecko) Chrome/74.0.3729.157 Safari/537.36",
  },
  Object {
    "actionsExecuted": Array [
      "forward",
    ],
    "chosenCertArn": "arn:aws:acm:eu-west-2:123456789012:certificate/887fba39-8ccc-4274-8b3f-10da0f1a5540",
    "clientIp": "1.2.3.4",
    "clientPort": 56716,
    "domainName": "example-lb.jsherz.com",
    "elb": "app/jsj-test-lb/cb82e1b11d63594a",
    "elbStatusCode": 404,
    "errorReason": null,
    "matchedRulePriority": 0,
    "receivedBytes": 19,
    "redirectUrl": null,
    "request": "GET https://example-lb.jsherz.com:443/test HTTP/2.0",
    "requestCreationTime": "2019-05-19T18:57:25.766000Z",
    "requestProcessingTime": 0,
    "responseProcessingTime": 0,
    "sentBytes": 3767,
    "sslCipher": "ECDHE-RSA-AES128-GCM-SHA256",
    "sslProtocol": "TLSv1.2",
    "targetGroupArn": "arn:aws:elasticloadbalancing:eu-west-2:123456789012:targetgroup/my-example/dc5cd405ccb3bda2",
    "targetIp": "172.31.10.152",
    "targetPort": 3000,
    "targetProcessingTime": 0,
    "targetStatusCode": 404,
    "timestamp": "2019-05-19T18:57:25.766970Z",
    "traceId": "Root=1-5ce1a715-c601fc8051405ca079b15dc0",
    "type": "h2",
    "userAgent": "Mozilla/5.0 (Macintosh; Intel Mac OS X 10_14_4) AppleWebKit/537.36 (KHTML, like Gecko) Chrome/74.0.3729.157 Safari/537.36",
  },
  Object {
    "actionsExecuted": Array [
      "forward",
    ],
    "chosenCertArn": "arn:aws:acm:eu-west-2:123456789012:certificate/887fba39-8ccc-4274-8b3f-10da0f1a5540",
    "clientIp": "1.2.3.4",
    "clientPort": 56716,
    "domainName": "example-lb.jsherz.com",
    "elb": "app/jsj-test-lb/cb82e1b11d63594a",
    "elbStatusCode": 404,
    "errorReason": null,
    "matchedRulePriority": 0,
    "receivedBytes": 52,
    "redirectUrl": null,
    "request": "GET https://example-lb.jsherz.com:443/nginx-logo.png HTTP/2.0",
    "requestCreationTime": "2019-05-19T18:57:25.810000Z",
    "requestProcessingTime": 0,
    "responseProcessingTime": 0,
    "sentBytes": 3767,
    "sslCipher": "ECDHE-RSA-AES128-GCM-SHA256",
    "sslProtocol": "TLSv1.2",
    "targetGroupArn": "arn:aws:elasticloadbalancing:eu-west-2:123456789012:targetgroup/my-example/dc5cd405ccb3bda2",
    "targetIp": "172.31.12.189",
    "targetPort": 3000,
    "targetProcessingTime": 0,
    "targetStatusCode": 404,
    "timestamp": "2019-05-19T18:57:25.811367Z",
    "traceId": "Root=1-5ce1a715-6774f150c966a340ea1c8a70",
    "type": "h2",
    "userAgent": "Mozilla/5.0 (Macintosh; Intel Mac OS X 10_14_4) AppleWebKit/537.36 (KHTML, like Gecko) Chrome/74.0.3729.157 Safari/537.36",
  },
  Object {
    "actionsExecuted": Array [
      "forward",
    ],
    "chosenCertArn": "arn:aws:acm:eu-west-2:123456789012:certificate/887fba39-8ccc-4274-8b3f-10da0f1a5540",
    "clientIp": "1.2.3.4",
    "clientPort": 56716,
    "domainName": "example-lb.jsherz.com",
    "elb": "app/jsj-test-lb/cb82e1b11d63594a",
    "elbStatusCode": 404,
    "errorReason": null,
    "matchedRulePriority": 0,
    "receivedBytes": 26,
    "redirectUrl": null,
    "request": "GET https://example-lb.jsherz.com:443/poweredby.png HTTP/2.0",
    "requestCreationTime": "2019-05-19T18:57:25.811000Z",
    "requestProcessingTime": 0,
    "responseProcessingTime": 0,
    "sentBytes": 3767,
    "sslCipher": "ECDHE-RSA-AES128-GCM-SHA256",
    "sslProtocol": "TLSv1.2",
    "targetGroupArn": "arn:aws:elasticloadbalancing:eu-west-2:123456789012:targetgroup/my-example/dc5cd405ccb3bda2",
    "targetIp": "172.31.10.152",
    "targetPort": 3000,
    "targetProcessingTime": 0,
    "targetStatusCode": 404,
    "timestamp": "2019-05-19T18:57:25.812333Z",
    "traceId": "Root=1-5ce1a715-9c6228c027ada8700a19fa60",
    "type": "h2",
    "userAgent": "Mozilla/5.0 (Macintosh; Intel Mac OS X 10_14_4) AppleWebKit/537.36 (KHTML, like Gecko) Chrome/74.0.3729.157 Safari/537.36",
  },
  Object {
    "actionsExecuted": Array [
      "forward",
    ],
    "chosenCertArn": "arn:aws:acm:eu-west-2:123456789012:certificate/887fba39-8ccc-4274-8b3f-10da0f1a5540",
    "clientIp": "1.2.3.4",
    "clientPort": 56716,
    "domainName": "example-lb.jsherz.com",
    "elb": "app/jsj-test-lb/cb82e1b11d63594a",
    "elbStatusCode": 404,
    "errorReason": null,
    "matchedRulePriority": 0,
    "receivedBytes": 18,
    "redirectUrl": null,
    "request": "GET https://example-lb.jsherz.com:443/foo HTTP/2.0",
    "requestCreationTime": "2019-05-19T18:57:27.620000Z",
    "requestProcessingTime": 0,
    "responseProcessingTime": 0,
    "sentBytes": 3767,
    "sslCipher": "ECDHE-RSA-AES128-GCM-SHA256",
    "sslProtocol": "TLSv1.2",
    "targetGroupArn": "arn:aws:elasticloadbalancing:eu-west-2:123456789012:targetgroup/my-example/dc5cd405ccb3bda2",
    "targetIp": "172.31.12.189",
    "targetPort": 3000,
    "targetProcessingTime": 0,
    "targetStatusCode": 404,
    "timestamp": "2019-05-19T18:57:27.621055Z",
    "traceId": "Root=1-5ce1a717-6cd782a0f344eb6079c424d0",
    "type": "h2",
    "userAgent": "Mozilla/5.0 (Macintosh; Intel Mac OS X 10_14_4) AppleWebKit/537.36 (KHTML, like Gecko) Chrome/74.0.3729.157 Safari/537.36",
  },
  Object {
    "actionsExecuted": Array [
      "forward",
    ],
    "chosenCertArn": "arn:aws:acm:eu-west-2:123456789012:certificate/887fba39-8ccc-4274-8b3f-10da0f1a5540",
    "clientIp": "1.2.3.4",
    "clientPort": 56716,
    "domainName": "example-lb.jsherz.com",
    "elb": "app/jsj-test-lb/cb82e1b11d63594a",
    "elbStatusCode": 404,
    "errorReason": null,
    "matchedRulePriority": 0,
    "receivedBytes": 51,
    "redirectUrl": null,
    "request": "GET https://example-lb.jsherz.com:443/nginx-logo.png HTTP/2.0",
    "requestCreationTime": "2019-05-19T18:57:27.665000Z",
    "requestProcessingTime": 0,
    "responseProcessingTime": 0,
    "sentBytes": 3767,
    "sslCipher": "ECDHE-RSA-AES128-GCM-SHA256",
    "sslProtocol": "TLSv1.2",
    "targetGroupArn": "arn:aws:elasticloadbalancing:eu-west-2:123456789012:targetgroup/my-example/dc5cd405ccb3bda2",
    "targetIp": "172.31.10.152",
    "targetPort": 3000,
    "targetProcessingTime": 0,
    "targetStatusCode": 404,
    "timestamp": "2019-05-19T18:57:27.666774Z",
    "traceId": "Root=1-5ce1a717-b03c1e80b68344a0543ed2e0",
    "type": "h2",
    "userAgent": "Mozilla/5.0 (Macintosh; Intel Mac OS X 10_14_4) AppleWebKit/537.36 (KHTML, like Gecko) Chrome/74.0.3729.157 Safari/537.36",
  },
  Object {
    "actionsExecuted": Array [
      "forward",
    ],
    "chosenCertArn": "arn:aws:acm:eu-west-2:123456789012:certificate/887fba39-8ccc-4274-8b3f-10da0f1a5540",
    "clientIp": "1.2.3.4",
    "clientPort": 56716,
    "domainName": "example-lb.jsherz.com",
    "elb": "app/jsj-test-lb/cb82e1b11d63594a",
    "elbStatusCode": 404,
    "errorReason": null,
    "matchedRulePriority": 0,
    "receivedBytes": 26,
    "redirectUrl": null,
    "request": "GET https://example-lb.jsherz.com:443/poweredby.png HTTP/2.0",
    "requestCreationTime": "2019-05-19T18:57:27.666000Z",
    "requestProcessingTime": 0,
    "responseProcessingTime": 0,
    "sentBytes": 3767,
    "sslCipher": "ECDHE-RSA-AES128-GCM-SHA256",
    "sslProtocol": "TLSv1.2",
    "targetGroupArn": "arn:aws:elasticloadbalancing:eu-west-2:123456789012:targetgroup/my-example/dc5cd405ccb3bda2",
    "targetIp": "172.31.12.189",
    "targetPort": 3000,
    "targetProcessingTime": 0,
    "targetStatusCode": 404,
    "timestamp": "2019-05-19T18:57:27.666890Z",
    "traceId": "Root=1-5ce1a717-275a42f063e4774070471bf0",
    "type": "h2",
    "userAgent": "Mozilla/5.0 (Macintosh; Intel Mac OS X 10_14_4) AppleWebKit/537.36 (KHTML, like Gecko) Chrome/74.0.3729.157 Safari/537.36",
  },
  Object {
    "actionsExecuted": Array [
      "forward",
    ],
    "chosenCertArn": "arn:aws:acm:eu-west-2:123456789012:certificate/887fba39-8ccc-4274-8b3f-10da0f1a5540",
    "clientIp": "1.2.3.4",
    "clientPort": 56716,
    "domainName": "example-lb.jsherz.com",
    "elb": "app/jsj-test-lb/cb82e1b11d63594a",
    "elbStatusCode": 404,
    "errorReason": null,
    "matchedRulePriority": 0,
    "receivedBytes": 26,
    "redirectUrl": null,
    "request": "GET https://example-lb.jsherz.com:443/nginx-logo.png HTTP/2.0",
    "requestCreationTime": "2019-05-19T18:57:28.840000Z",
    "requestProcessingTime": 0,
    "responseProcessingTime": 0,
    "sentBytes": 3776,
    "sslCipher": "ECDHE-RSA-AES128-GCM-SHA256",
    "sslProtocol": "TLSv1.2",
    "targetGroupArn": "arn:aws:elasticloadbalancing:eu-west-2:123456789012:targetgroup/my-example/dc5cd405ccb3bda2",
    "targetIp": "172.31.10.152",
    "targetPort": 3000,
    "targetProcessingTime": 0,
    "targetStatusCode": 404,
    "timestamp": "2019-05-19T18:57:28.841735Z",
    "traceId": "Root=1-5ce1a718-08d4a1203caa0840ba462760",
    "type": "h2",
    "userAgent": "Mozilla/5.0 (Macintosh; Intel Mac OS X 10_14_4) AppleWebKit/537.36 (KHTML, like Gecko) Chrome/74.0.3729.157 Safari/537.36",
  },
  Object {
    "actionsExecuted": Array [
      "forward",
    ],
    "chosenCertArn": "arn:aws:acm:eu-west-2:123456789012:certificate/887fba39-8ccc-4274-8b3f-10da0f1a5540",
    "clientIp": "1.2.3.4",
    "clientPort": 56716,
    "domainName": "example-lb.jsherz.com",
    "elb": "app/jsj-test-lb/cb82e1b11d63594a",
    "elbStatusCode": 304,
    "errorReason": null,
    "matchedRulePriority": 0,
    "receivedBytes": 47,
    "redirectUrl": null,
    "request": "GET https://example-lb.jsherz.com:443/ HTTP/2.0",
    "requestCreationTime": "2019-05-19T18:57:29.115000Z",
    "requestProcessingTime": 0,
    "responseProcessingTime": 0,
    "sentBytes": 103,
    "sslCipher": "ECDHE-RSA-AES128-GCM-SHA256",
    "sslProtocol": "TLSv1.2",
    "targetGroupArn": "arn:aws:elasticloadbalancing:eu-west-2:123456789012:targetgroup/my-example/dc5cd405ccb3bda2",
    "targetIp": "172.31.12.189",
    "targetPort": 3000,
    "targetProcessingTime": 0,
    "targetStatusCode": 304,
    "timestamp": "2019-05-19T18:57:29.118107Z",
    "traceId": "Root=1-5ce1a719-0bdeaf902678c90008828f00",
    "type": "h2",
    "userAgent": "Mozilla/5.0 (Macintosh; Intel Mac OS X 10_14_4) AppleWebKit/537.36 (KHTML, like Gecko) Chrome/74.0.3729.157 Safari/537.36",
  },
  Object {
    "actionsExecuted": Array [
      "forward",
    ],
    "chosenCertArn": "arn:aws:acm:eu-west-2:123456789012:certificate/887fba39-8ccc-4274-8b3f-10da0f1a5540",
    "clientIp": "1.2.3.4",
    "clientPort": 56716,
    "domainName": "example-lb.jsherz.com",
    "elb": "app/jsj-test-lb/cb82e1b11d63594a",
    "elbStatusCode": 404,
    "errorReason": null,
    "matchedRulePriority": 0,
    "receivedBytes": 26,
    "redirectUrl": null,
    "request": "GET https://example-lb.jsherz.com:443/nginx-logo.png HTTP/2.0",
    "requestCreationTime": "2019-05-19T18:57:29.159000Z",
    "requestProcessingTime": 0,
    "responseProcessingTime": 0,
    "sentBytes": 3767,
    "sslCipher": "ECDHE-RSA-AES128-GCM-SHA256",
    "sslProtocol": "TLSv1.2",
    "targetGroupArn": "arn:aws:elasticloadbalancing:eu-west-2:123456789012:targetgroup/my-example/dc5cd405ccb3bda2",
    "targetIp": "172.31.10.152",
    "targetPort": 3000,
    "targetProcessingTime": 0,
    "targetStatusCode": 404,
    "timestamp": "2019-05-19T18:57:29.160657Z",
    "traceId": "Root=1-5ce1a719-d1afe9c035809470aa82b580",
    "type": "h2",
    "userAgent": "Mozilla/5.0 (Macintosh; Intel Mac OS X 10_14_4) AppleWebKit/537.36 (KHTML, like Gecko) Chrome/74.0.3729.157 Safari/537.36",
  },
  Object {
    "actionsExecuted": Array [
      "forward",
    ],
    "chosenCertArn": "arn:aws:acm:eu-west-2:123456789012:certificate/887fba39-8ccc-4274-8b3f-10da0f1a5540",
    "clientIp": "1.2.3.4",
    "clientPort": 56716,
    "domainName": "example-lb.jsherz.com",
    "elb": "app/jsj-test-lb/cb82e1b11d63594a",
    "elbStatusCode": 304,
    "errorReason": null,
    "matchedRulePriority": 0,
    "receivedBytes": 12,
    "redirectUrl": null,
    "request": "GET https://example-lb.jsherz.com:443/ HTTP/2.0",
    "requestCreationTime": "2019-05-19T18:57:29.282000Z",
    "requestProcessingTime": 0,
    "responseProcessingTime": 0,
    "sentBytes": 103,
    "sslCipher": "ECDHE-RSA-AES128-GCM-SHA256",
    "sslProtocol": "TLSv1.2",
    "targetGroupArn": "arn:aws:elasticloadbalancing:eu-west-2:123456789012:targetgroup/my-example/dc5cd405ccb3bda2",
    "targetIp": "172.31.12.189",
    "targetPort": 3000,
    "targetProcessingTime": 0,
    "targetStatusCode": 304,
    "timestamp": "2019-05-19T18:57:29.283070Z",
    "traceId": "Root=1-5ce1a719-517c754027ca0c00b58a1ec0",
    "type": "h2",
    "userAgent": "Mozilla/5.0 (Macintosh; Intel Mac OS X 10_14_4) AppleWebKit/537.36 (KHTML, like Gecko) Chrome/74.0.3729.157 Safari/537.36",
  },
  Object {
    "actionsExecuted": Array [
      "forward",
    ],
    "chosenCertArn": "arn:aws:acm:eu-west-2:123456789012:certificate/887fba39-8ccc-4274-8b3f-10da0f1a5540",
    "clientIp": "1.2.3.4",
    "clientPort": 56716,
    "domainName": "example-lb.jsherz.com",
    "elb": "app/jsj-test-lb/cb82e1b11d63594a",
    "elbStatusCode": 404,
    "errorReason": null,
    "matchedRulePriority": 0,
    "receivedBytes": 26,
    "redirectUrl": null,
    "request": "GET https://example-lb.jsherz.com:443/nginx-logo.png HTTP/2.0",
    "requestCreationTime": "2019-05-19T18:57:29.323000Z",
    "requestProcessingTime": 0,
    "responseProcessingTime": 0,
    "sentBytes": 3767,
    "sslCipher": "ECDHE-RSA-AES128-GCM-SHA256",
    "sslProtocol": "TLSv1.2",
    "targetGroupArn": "arn:aws:elasticloadbalancing:eu-west-2:123456789012:targetgroup/my-example/dc5cd405ccb3bda2",
    "targetIp": "172.31.10.152",
    "targetPort": 3000,
    "targetProcessingTime": 0,
    "targetStatusCode": 404,
    "timestamp": "2019-05-19T18:57:29.324612Z",
    "traceId": "Root=1-5ce1a719-a2bcd1e0a17b69c0ca03bf60",
    "type": "h2",
    "userAgent": "Mozilla/5.0 (Macintosh; Intel Mac OS X 10_14_4) AppleWebKit/537.36 (KHTML, like Gecko) Chrome/74.0.3729.157 Safari/537.36",
  },
  Object {
    "actionsExecuted": Array [
      "forward",
    ],
    "chosenCertArn": "arn:aws:acm:eu-west-2:123456789012:certificate/887fba39-8ccc-4274-8b3f-10da0f1a5540",
    "clientIp": "1.2.3.4",
    "clientPort": 56716,
    "domainName": "example-lb.jsherz.com",
    "elb": "app/jsj-test-lb/cb82e1b11d63594a",
    "elbStatusCode": 304,
    "errorReason": null,
    "matchedRulePriority": 0,
    "receivedBytes": 12,
    "redirectUrl": null,
    "request": "GET https://example-lb.jsherz.com:443/ HTTP/2.0",
    "requestCreationTime": "2019-05-19T18:57:29.431000Z",
    "requestProcessingTime": 0,
    "responseProcessingTime": 0,
    "sentBytes": 103,
    "sslCipher": "ECDHE-RSA-AES128-GCM-SHA256",
    "sslProtocol": "TLSv1.2",
    "targetGroupArn": "arn:aws:elasticloadbalancing:eu-west-2:123456789012:targetgroup/my-example/dc5cd405ccb3bda2",
    "targetIp": "172.31.12.189",
    "targetPort": 3000,
    "targetProcessingTime": 0,
    "targetStatusCode": 304,
    "timestamp": "2019-05-19T18:57:29.432697Z",
    "traceId": "Root=1-5ce1a719-6c2375208b97f4309005bbe0",
    "type": "h2",
    "userAgent": "Mozilla/5.0 (Macintosh; Intel Mac OS X 10_14_4) AppleWebKit/537.36 (KHTML, like Gecko) Chrome/74.0.3729.157 Safari/537.36",
  },
  Object {
    "actionsExecuted": Array [
      "forward",
    ],
    "chosenCertArn": "arn:aws:acm:eu-west-2:123456789012:certificate/887fba39-8ccc-4274-8b3f-10da0f1a5540",
    "clientIp": "1.2.3.4",
    "clientPort": 56716,
    "domainName": "example-lb.jsherz.com",
    "elb": "app/jsj-test-lb/cb82e1b11d63594a",
    "elbStatusCode": 404,
    "errorReason": null,
    "matchedRulePriority": 0,
    "receivedBytes": 26,
    "redirectUrl": null,
    "request": "GET https://example-lb.jsherz.com:443/nginx-logo.png HTTP/2.0",
    "requestCreationTime": "2019-05-19T18:57:29.473000Z",
    "requestProcessingTime": 0,
    "responseProcessingTime": 0,
    "sentBytes": 3767,
    "sslCipher": "ECDHE-RSA-AES128-GCM-SHA256",
    "sslProtocol": "TLSv1.2",
    "targetGroupArn": "arn:aws:elasticloadbalancing:eu-west-2:123456789012:targetgroup/my-example/dc5cd405ccb3bda2",
    "targetIp": "172.31.10.152",
    "targetPort": 3000,
    "targetProcessingTime": 0,
    "targetStatusCode": 404,
    "timestamp": "2019-05-19T18:57:29.473946Z",
    "traceId": "Root=1-5ce1a719-93d11d9095b1ffc0f77aad30",
    "type": "h2",
    "userAgent": "Mozilla/5.0 (Macintosh; Intel Mac OS X 10_14_4) AppleWebKit/537.36 (KHTML, like Gecko) Chrome/74.0.3729.157 Safari/537.36",
  },
  Object {
    "actionsExecuted": Array [
      "forward",
    ],
    "chosenCertArn": "arn:aws:acm:eu-west-2:123456789012:certificate/887fba39-8ccc-4274-8b3f-10da0f1a5540",
    "clientIp": "1.2.3.4",
    "clientPort": 56716,
    "domainName": "example-lb.jsherz.com",
    "elb": "app/jsj-test-lb/cb82e1b11d63594a",
    "elbStatusCode": 304,
    "errorReason": null,
    "matchedRulePriority": 0,
    "receivedBytes": 12,
    "redirectUrl": null,
    "request": "GET https://example-lb.jsherz.com:443/ HTTP/2.0",
    "requestCreationTime": "2019-05-19T18:57:29.575000Z",
    "requestProcessingTime": 0,
    "responseProcessingTime": 0,
    "sentBytes": 103,
    "sslCipher": "ECDHE-RSA-AES128-GCM-SHA256",
    "sslProtocol": "TLSv1.2",
    "targetGroupArn": "arn:aws:elasticloadbalancing:eu-west-2:123456789012:targetgroup/my-example/dc5cd405ccb3bda2",
    "targetIp": "172.31.12.189",
    "targetPort": 3000,
    "targetProcessingTime": 0,
    "targetStatusCode": 304,
    "timestamp": "2019-05-19T18:57:29.576505Z",
    "traceId": "Root=1-5ce1a719-87161a200f76249093dcd5f0",
    "type": "h2",
    "userAgent": "Mozilla/5.0 (Macintosh; Intel Mac OS X 10_14_4) AppleWebKit/537.36 (KHTML, like Gecko) Chrome/74.0.3729.157 Safari/537.36",
  },
  Object {
    "actionsExecuted": Array [
      "forward",
    ],
    "chosenCertArn": "arn:aws:acm:eu-west-2:123456789012:certificate/887fba39-8ccc-4274-8b3f-10da0f1a5540",
    "clientIp": "1.2.3.4",
    "clientPort": 56716,
    "domainName": "example-lb.jsherz.com",
    "elb": "app/jsj-test-lb/cb82e1b11d63594a",
    "elbStatusCode": 404,
    "errorReason": null,
    "matchedRulePriority": 0,
    "receivedBytes": 26,
    "redirectUrl": null,
    "request": "GET https://example-lb.jsherz.com:443/nginx-logo.png HTTP/2.0",
    "requestCreationTime": "2019-05-19T18:57:29.615000Z",
    "requestProcessingTime": 0,
    "responseProcessingTime": 0,
    "sentBytes": 3767,
    "sslCipher": "ECDHE-RSA-AES128-GCM-SHA256",
    "sslProtocol": "TLSv1.2",
    "targetGroupArn": "arn:aws:elasticloadbalancing:eu-west-2:123456789012:targetgroup/my-example/dc5cd405ccb3bda2",
    "targetIp": "172.31.10.152",
    "targetPort": 3000,
    "targetProcessingTime": 0,
    "targetStatusCode": 404,
    "timestamp": "2019-05-19T18:57:29.615874Z",
    "traceId": "Root=1-5ce1a719-3d995ec063b4f77000b45890",
    "type": "h2",
    "userAgent": "Mozilla/5.0 (Macintosh; Intel Mac OS X 10_14_4) AppleWebKit/537.36 (KHTML, like Gecko) Chrome/74.0.3729.157 Safari/537.36",
  },
  Object {
    "actionsExecuted": Array [
      "forward",
    ],
    "chosenCertArn": "arn:aws:acm:eu-west-2:123456789012:certificate/887fba39-8ccc-4274-8b3f-10da0f1a5540",
    "clientIp": "1.2.3.4",
    "clientPort": 56716,
    "domainName": "example-lb.jsherz.com",
    "elb": "app/jsj-test-lb/cb82e1b11d63594a",
    "elbStatusCode": 304,
    "errorReason": null,
    "matchedRulePriority": 0,
    "receivedBytes": 12,
    "redirectUrl": null,
    "request": "GET https://example-lb.jsherz.com:443/ HTTP/2.0",
    "requestCreationTime": "2019-05-19T18:57:29.874000Z",
    "requestProcessingTime": 0,
    "responseProcessingTime": 0,
    "sentBytes": 103,
    "sslCipher": "ECDHE-RSA-AES128-GCM-SHA256",
    "sslProtocol": "TLSv1.2",
    "targetGroupArn": "arn:aws:elasticloadbalancing:eu-west-2:123456789012:targetgroup/my-example/dc5cd405ccb3bda2",
    "targetIp": "172.31.12.189",
    "targetPort": 3000,
    "targetProcessingTime": 0,
    "targetStatusCode": 304,
    "timestamp": "2019-05-19T18:57:29.875129Z",
    "traceId": "Root=1-5ce1a719-a17dd600d3fc1360b0f07710",
    "type": "h2",
    "userAgent": "Mozilla/5.0 (Macintosh; Intel Mac OS X 10_14_4) AppleWebKit/537.36 (KHTML, like Gecko) Chrome/74.0.3729.157 Safari/537.36",
  },
  Object {
    "actionsExecuted": Array [
      "forward",
    ],
    "chosenCertArn": "arn:aws:acm:eu-west-2:123456789012:certificate/887fba39-8ccc-4274-8b3f-10da0f1a5540",
    "clientIp": "1.2.3.4",
    "clientPort": 56716,
    "domainName": "example-lb.jsherz.com",
    "elb": "app/jsj-test-lb/cb82e1b11d63594a",
    "elbStatusCode": 404,
    "errorReason": null,
    "matchedRulePriority": 0,
    "receivedBytes": 26,
    "redirectUrl": null,
    "request": "GET https://example-lb.jsherz.com:443/nginx-logo.png HTTP/2.0",
    "requestCreationTime": "2019-05-19T18:57:29.915000Z",
    "requestProcessingTime": 0,
    "responseProcessingTime": 0,
    "sentBytes": 3776,
    "sslCipher": "ECDHE-RSA-AES128-GCM-SHA256",
    "sslProtocol": "TLSv1.2",
    "targetGroupArn": "arn:aws:elasticloadbalancing:eu-west-2:123456789012:targetgroup/my-example/dc5cd405ccb3bda2",
    "targetIp": "172.31.10.152",
    "targetPort": 3000,
    "targetProcessingTime": 0,
    "targetStatusCode": 404,
    "timestamp": "2019-05-19T18:57:29.916467Z",
    "traceId": "Root=1-5ce1a719-de27de408e423ac0d84aba00",
    "type": "h2",
    "userAgent": "Mozilla/5.0 (Macintosh; Intel Mac OS X 10_14_4) AppleWebKit/537.36 (KHTML, like Gecko) Chrome/74.0.3729.157 Safari/537.36",
  },
  Object {
    "actionsExecuted": Array [
      "forward",
    ],
    "chosenCertArn": "arn:aws:acm:eu-west-2:123456789012:certificate/887fba39-8ccc-4274-8b3f-10da0f1a5540",
    "clientIp": "1.2.3.4",
    "clientPort": 56716,
    "domainName": "example-lb.jsherz.com",
    "elb": "app/jsj-test-lb/cb82e1b11d63594a",
    "elbStatusCode": 304,
    "errorReason": null,
    "matchedRulePriority": 0,
    "receivedBytes": 12,
    "redirectUrl": null,
    "request": "GET https://example-lb.jsherz.com:443/ HTTP/2.0",
    "requestCreationTime": "2019-05-19T18:57:30.048000Z",
    "requestProcessingTime": 0,
    "responseProcessingTime": 0,
    "sentBytes": 103,
    "sslCipher": "ECDHE-RSA-AES128-GCM-SHA256",
    "sslProtocol": "TLSv1.2",
    "targetGroupArn": "arn:aws:elasticloadbalancing:eu-west-2:123456789012:targetgroup/my-example/dc5cd405ccb3bda2",
    "targetIp": "172.31.12.189",
    "targetPort": 3000,
    "targetProcessingTime": 0,
    "targetStatusCode": 304,
    "timestamp": "2019-05-19T18:57:30.049538Z",
    "traceId": "Root=1-5ce1a71a-04a0a74096c4c9c0e11f6c50",
    "type": "h2",
    "userAgent": "Mozilla/5.0 (Macintosh; Intel Mac OS X 10_14_4) AppleWebKit/537.36 (KHTML, like Gecko) Chrome/74.0.3729.157 Safari/537.36",
  },
  Object {
    "actionsExecuted": Array [
      "forward",
    ],
    "chosenCertArn": "arn:aws:acm:eu-west-2:123456789012:certificate/887fba39-8ccc-4274-8b3f-10da0f1a5540",
    "clientIp": "1.2.3.4",
    "clientPort": 56716,
    "domainName": "example-lb.jsherz.com",
    "elb": "app/jsj-test-lb/cb82e1b11d63594a",
    "elbStatusCode": 404,
    "errorReason": null,
    "matchedRulePriority": 0,
    "receivedBytes": 26,
    "redirectUrl": null,
    "request": "GET https://example-lb.jsherz.com:443/nginx-logo.png HTTP/2.0",
    "requestCreationTime": "2019-05-19T18:57:30.092000Z",
    "requestProcessingTime": 0,
    "responseProcessingTime": 0,
    "sentBytes": 3767,
    "sslCipher": "ECDHE-RSA-AES128-GCM-SHA256",
    "sslProtocol": "TLSv1.2",
    "targetGroupArn": "arn:aws:elasticloadbalancing:eu-west-2:123456789012:targetgroup/my-example/dc5cd405ccb3bda2",
    "targetIp": "172.31.10.152",
    "targetPort": 3000,
    "targetProcessingTime": 0,
    "targetStatusCode": 404,
    "timestamp": "2019-05-19T18:57:30.093226Z",
    "traceId": "Root=1-5ce1a71a-3a214ce041477f40ecfe1be0",
    "type": "h2",
    "userAgent": "Mozilla/5.0 (Macintosh; Intel Mac OS X 10_14_4) AppleWebKit/537.36 (KHTML, like Gecko) Chrome/74.0.3729.157 Safari/537.36",
  },
  Object {
    "actionsExecuted": Array [
      "forward",
    ],
    "chosenCertArn": "arn:aws:acm:eu-west-2:123456789012:certificate/887fba39-8ccc-4274-8b3f-10da0f1a5540",
    "clientIp": "1.2.3.4",
    "clientPort": 56716,
    "domainName": "example-lb.jsherz.com",
    "elb": "app/jsj-test-lb/cb82e1b11d63594a",
    "elbStatusCode": 304,
    "errorReason": null,
    "matchedRulePriority": 0,
    "receivedBytes": 12,
    "redirectUrl": null,
    "request": "GET https://example-lb.jsherz.com:443/ HTTP/2.0",
    "requestCreationTime": "2019-05-19T18:57:30.202000Z",
    "requestProcessingTime": 0,
    "responseProcessingTime": 0,
    "sentBytes": 103,
    "sslCipher": "ECDHE-RSA-AES128-GCM-SHA256",
    "sslProtocol": "TLSv1.2",
    "targetGroupArn": "arn:aws:elasticloadbalancing:eu-west-2:123456789012:targetgroup/my-example/dc5cd405ccb3bda2",
    "targetIp": "172.31.12.189",
    "targetPort": 3000,
    "targetProcessingTime": 0,
    "targetStatusCode": 304,
    "timestamp": "2019-05-19T18:57:30.202992Z",
    "traceId": "Root=1-5ce1a71a-61eb58e0f6d1af30beae05a0",
    "type": "h2",
    "userAgent": "Mozilla/5.0 (Macintosh; Intel Mac OS X 10_14_4) AppleWebKit/537.36 (KHTML, like Gecko) Chrome/74.0.3729.157 Safari/537.36",
  },
  Object {
    "actionsExecuted": Array [
      "forward",
    ],
    "chosenCertArn": "arn:aws:acm:eu-west-2:123456789012:certificate/887fba39-8ccc-4274-8b3f-10da0f1a5540",
    "clientIp": "1.2.3.4",
    "clientPort": 56716,
    "domainName": "example-lb.jsherz.com",
    "elb": "app/jsj-test-lb/cb82e1b11d63594a",
    "elbStatusCode": 404,
    "errorReason": null,
    "matchedRulePriority": 0,
    "receivedBytes": 26,
    "redirectUrl": null,
    "request": "GET https://example-lb.jsherz.com:443/nginx-logo.png HTTP/2.0",
    "requestCreationTime": "2019-05-19T18:57:30.242000Z",
    "requestProcessingTime": 0,
    "responseProcessingTime": 0,
    "sentBytes": 3776,
    "sslCipher": "ECDHE-RSA-AES128-GCM-SHA256",
    "sslProtocol": "TLSv1.2",
    "targetGroupArn": "arn:aws:elasticloadbalancing:eu-west-2:123456789012:targetgroup/my-example/dc5cd405ccb3bda2",
    "targetIp": "172.31.10.152",
    "targetPort": 3000,
    "targetProcessingTime": 0,
    "targetStatusCode": 404,
    "timestamp": "2019-05-19T18:57:30.243216Z",
    "traceId": "Root=1-5ce1a71a-0366c2a0c0d56e90102a7ae0",
    "type": "h2",
    "userAgent": "Mozilla/5.0 (Macintosh; Intel Mac OS X 10_14_4) AppleWebKit/537.36 (KHTML, like Gecko) Chrome/74.0.3729.157 Safari/537.36",
  },
  Object {
    "actionsExecuted": Array [
      "forward",
    ],
    "chosenCertArn": "arn:aws:acm:eu-west-2:123456789012:certificate/887fba39-8ccc-4274-8b3f-10da0f1a5540",
    "clientIp": "1.2.3.4",
    "clientPort": 56716,
    "domainName": "example-lb.jsherz.com",
    "elb": "app/jsj-test-lb/cb82e1b11d63594a",
    "elbStatusCode": 304,
    "errorReason": null,
    "matchedRulePriority": 0,
    "receivedBytes": 12,
    "redirectUrl": null,
    "request": "GET https://example-lb.jsherz.com:443/ HTTP/2.0",
    "requestCreationTime": "2019-05-19T18:57:30.345000Z",
    "requestProcessingTime": 0,
    "responseProcessingTime": 0,
    "sentBytes": 103,
    "sslCipher": "ECDHE-RSA-AES128-GCM-SHA256",
    "sslProtocol": "TLSv1.2",
    "targetGroupArn": "arn:aws:elasticloadbalancing:eu-west-2:123456789012:targetgroup/my-example/dc5cd405ccb3bda2",
    "targetIp": "172.31.12.189",
    "targetPort": 3000,
    "targetProcessingTime": 0,
    "targetStatusCode": 304,
    "timestamp": "2019-05-19T18:57:30.345983Z",
    "traceId": "Root=1-5ce1a71a-8efec80050db2a70b2e75df0",
    "type": "h2",
    "userAgent": "Mozilla/5.0 (Macintosh; Intel Mac OS X 10_14_4) AppleWebKit/537.36 (KHTML, like Gecko) Chrome/74.0.3729.157 Safari/537.36",
  },
  Object {
    "actionsExecuted": Array [
      "forward",
    ],
    "chosenCertArn": "arn:aws:acm:eu-west-2:123456789012:certificate/887fba39-8ccc-4274-8b3f-10da0f1a5540",
    "clientIp": "1.2.3.4",
    "clientPort": 56716,
    "domainName": "example-lb.jsherz.com",
    "elb": "app/jsj-test-lb/cb82e1b11d63594a",
    "elbStatusCode": 404,
    "errorReason": null,
    "matchedRulePriority": 0,
    "receivedBytes": 26,
    "redirectUrl": null,
    "request": "GET https://example-lb.jsherz.com:443/nginx-logo.png HTTP/2.0",
    "requestCreationTime": "2019-05-19T18:57:30.386000Z",
    "requestProcessingTime": 0,
    "responseProcessingTime": 0,
    "sentBytes": 3767,
    "sslCipher": "ECDHE-RSA-AES128-GCM-SHA256",
    "sslProtocol": "TLSv1.2",
    "targetGroupArn": "arn:aws:elasticloadbalancing:eu-west-2:123456789012:targetgroup/my-example/dc5cd405ccb3bda2",
    "targetIp": "172.31.10.152",
    "targetPort": 3000,
    "targetProcessingTime": 0,
    "targetStatusCode": 404,
    "timestamp": "2019-05-19T18:57:30.387314Z",
    "traceId": "Root=1-5ce1a71a-24b0c7c04855d7a01f0ad310",
    "type": "h2",
    "userAgent": "Mozilla/5.0 (Macintosh; Intel Mac OS X 10_14_4) AppleWebKit/537.36 (KHTML, like Gecko) Chrome/74.0.3729.157 Safari/537.36",
  },
  Object {
    "actionsExecuted": Array [
      "forward",
    ],
    "chosenCertArn": "arn:aws:acm:eu-west-2:123456789012:certificate/887fba39-8ccc-4274-8b3f-10da0f1a5540",
    "clientIp": "1.2.3.4",
    "clientPort": 56716,
    "domainName": "example-lb.jsherz.com",
    "elb": "app/jsj-test-lb/cb82e1b11d63594a",
    "elbStatusCode": 304,
    "errorReason": null,
    "matchedRulePriority": 0,
    "receivedBytes": 12,
    "redirectUrl": null,
    "request": "GET https://example-lb.jsherz.com:443/ HTTP/2.0",
    "requestCreationTime": "2019-05-19T18:57:30.501000Z",
    "requestProcessingTime": 0,
    "responseProcessingTime": 0,
    "sentBytes": 103,
    "sslCipher": "ECDHE-RSA-AES128-GCM-SHA256",
    "sslProtocol": "TLSv1.2",
    "targetGroupArn": "arn:aws:elasticloadbalancing:eu-west-2:123456789012:targetgroup/my-example/dc5cd405ccb3bda2",
    "targetIp": "172.31.12.189",
    "targetPort": 3000,
    "targetProcessingTime": 0,
    "targetStatusCode": 304,
    "timestamp": "2019-05-19T18:57:30.501911Z",
    "traceId": "Root=1-5ce1a71a-3426ec50dc32ad90b2dc01d0",
    "type": "h2",
    "userAgent": "Mozilla/5.0 (Macintosh; Intel Mac OS X 10_14_4) AppleWebKit/537.36 (KHTML, like Gecko) Chrome/74.0.3729.157 Safari/537.36",
  },
  Object {
    "actionsExecuted": Array [
      "forward",
    ],
    "chosenCertArn": "arn:aws:acm:eu-west-2:123456789012:certificate/887fba39-8ccc-4274-8b3f-10da0f1a5540",
    "clientIp": "1.2.3.4",
    "clientPort": 56716,
    "domainName": "example-lb.jsherz.com",
    "elb": "app/jsj-test-lb/cb82e1b11d63594a",
    "elbStatusCode": 404,
    "errorReason": null,
    "matchedRulePriority": 0,
    "receivedBytes": 26,
    "redirectUrl": null,
    "request": "GET https://example-lb.jsherz.com:443/nginx-logo.png HTTP/2.0",
    "requestCreationTime": "2019-05-19T18:57:30.546000Z",
    "requestProcessingTime": 0,
    "responseProcessingTime": 0,
    "sentBytes": 3767,
    "sslCipher": "ECDHE-RSA-AES128-GCM-SHA256",
    "sslProtocol": "TLSv1.2",
    "targetGroupArn": "arn:aws:elasticloadbalancing:eu-west-2:123456789012:targetgroup/my-example/dc5cd405ccb3bda2",
    "targetIp": "172.31.10.152",
    "targetPort": 3000,
    "targetProcessingTime": 0,
    "targetStatusCode": 404,
    "timestamp": "2019-05-19T18:57:30.547351Z",
    "traceId": "Root=1-5ce1a71a-97dbf4f0dce7175039f21bf0",
    "type": "h2",
    "userAgent": "Mozilla/5.0 (Macintosh; Intel Mac OS X 10_14_4) AppleWebKit/537.36 (KHTML, like Gecko) Chrome/74.0.3729.157 Safari/537.36",
  },
  Object {
    "actionsExecuted": Array [
      "forward",
    ],
    "chosenCertArn": "arn:aws:acm:eu-west-2:123456789012:certificate/887fba39-8ccc-4274-8b3f-10da0f1a5540",
    "clientIp": "1.2.3.4",
    "clientPort": 56716,
    "domainName": "example-lb.jsherz.com",
    "elb": "app/jsj-test-lb/cb82e1b11d63594a",
    "elbStatusCode": 304,
    "errorReason": null,
    "matchedRulePriority": 0,
    "receivedBytes": 12,
    "redirectUrl": null,
    "request": "GET https://example-lb.jsherz.com:443/ HTTP/2.0",
    "requestCreationTime": "2019-05-19T18:57:30.650000Z",
    "requestProcessingTime": 0,
    "responseProcessingTime": 0,
    "sentBytes": 103,
    "sslCipher": "ECDHE-RSA-AES128-GCM-SHA256",
    "sslProtocol": "TLSv1.2",
    "targetGroupArn": "arn:aws:elasticloadbalancing:eu-west-2:123456789012:targetgroup/my-example/dc5cd405ccb3bda2",
    "targetIp": "172.31.12.189",
    "targetPort": 3000,
    "targetProcessingTime": 0,
    "targetStatusCode": 304,
    "timestamp": "2019-05-19T18:57:30.650880Z",
    "traceId": "Root=1-5ce1a71a-6bd808508dd78e60778b7ab0",
    "type": "h2",
    "userAgent": "Mozilla/5.0 (Macintosh; Intel Mac OS X 10_14_4) AppleWebKit/537.36 (KHTML, like Gecko) Chrome/74.0.3729.157 Safari/537.36",
  },
  Object {
    "actionsExecuted": Array [
      "forward",
    ],
    "chosenCertArn": "arn:aws:acm:eu-west-2:123456789012:certificate/887fba39-8ccc-4274-8b3f-10da0f1a5540",
    "clientIp": "1.2.3.4",
    "clientPort": 56716,
    "domainName": "example-lb.jsherz.com",
    "elb": "app/jsj-test-lb/cb82e1b11d63594a",
    "elbStatusCode": 404,
    "errorReason": null,
    "matchedRulePriority": 0,
    "receivedBytes": 26,
    "redirectUrl": null,
    "request": "GET https://example-lb.jsherz.com:443/nginx-logo.png HTTP/2.0",
    "requestCreationTime": "2019-05-19T18:57:30.693000Z",
    "requestProcessingTime": 0,
    "responseProcessingTime": 0,
    "sentBytes": 3767,
    "sslCipher": "ECDHE-RSA-AES128-GCM-SHA256",
    "sslProtocol": "TLSv1.2",
    "targetGroupArn": "arn:aws:elasticloadbalancing:eu-west-2:123456789012:targetgroup/my-example/dc5cd405ccb3bda2",
    "targetIp": "172.31.10.152",
    "targetPort": 3000,
    "targetProcessingTime": 0,
    "targetStatusCode": 404,
    "timestamp": "2019-05-19T18:57:30.693900Z",
    "traceId": "Root=1-5ce1a71a-fa1a544066225990190950b0",
    "type": "h2",
    "userAgent": "Mozilla/5.0 (Macintosh; Intel Mac OS X 10_14_4) AppleWebKit/537.36 (KHTML, like Gecko) Chrome/74.0.3729.157 Safari/537.36",
  },
  Object {
    "actionsExecuted": Array [
      "forward",
    ],
    "chosenCertArn": "arn:aws:acm:eu-west-2:123456789012:certificate/887fba39-8ccc-4274-8b3f-10da0f1a5540",
    "clientIp": "1.2.3.4",
    "clientPort": 56716,
    "domainName": "example-lb.jsherz.com",
    "elb": "app/jsj-test-lb/cb82e1b11d63594a",
    "elbStatusCode": 304,
    "errorReason": null,
    "matchedRulePriority": 0,
    "receivedBytes": 12,
    "redirectUrl": null,
    "request": "GET https://example-lb.jsherz.com:443/ HTTP/2.0",
    "requestCreationTime": "2019-05-19T18:57:30.845000Z",
    "requestProcessingTime": 0,
    "responseProcessingTime": 0,
    "sentBytes": 103,
    "sslCipher": "ECDHE-RSA-AES128-GCM-SHA256",
    "sslProtocol": "TLSv1.2",
    "targetGroupArn": "arn:aws:elasticloadbalancing:eu-west-2:123456789012:targetgroup/my-example/dc5cd405ccb3bda2",
    "targetIp": "172.31.12.189",
    "targetPort": 3000,
    "targetProcessingTime": 0,
    "targetStatusCode": 304,
    "timestamp": "2019-05-19T18:57:30.846178Z",
    "traceId": "Root=1-5ce1a71a-90df1e004741c5e0f7314020",
    "type": "h2",
    "userAgent": "Mozilla/5.0 (Macintosh; Intel Mac OS X 10_14_4) AppleWebKit/537.36 (KHTML, like Gecko) Chrome/74.0.3729.157 Safari/537.36",
  },
  Object {
    "actionsExecuted": Array [
      "forward",
    ],
    "chosenCertArn": "arn:aws:acm:eu-west-2:123456789012:certificate/887fba39-8ccc-4274-8b3f-10da0f1a5540",
    "clientIp": "1.2.3.4",
    "clientPort": 56716,
    "domainName": "example-lb.jsherz.com",
    "elb": "app/jsj-test-lb/cb82e1b11d63594a",
    "elbStatusCode": 404,
    "errorReason": null,
    "matchedRulePriority": 0,
    "receivedBytes": 26,
    "redirectUrl": null,
    "request": "GET https://example-lb.jsherz.com:443/nginx-logo.png HTTP/2.0",
    "requestCreationTime": "2019-05-19T18:57:30.886000Z",
    "requestProcessingTime": 0,
    "responseProcessingTime": 0,
    "sentBytes": 3767,
    "sslCipher": "ECDHE-RSA-AES128-GCM-SHA256",
    "sslProtocol": "TLSv1.2",
    "targetGroupArn": "arn:aws:elasticloadbalancing:eu-west-2:123456789012:targetgroup/my-example/dc5cd405ccb3bda2",
    "targetIp": "172.31.10.152",
    "targetPort": 3000,
    "targetProcessingTime": 0,
    "targetStatusCode": 404,
    "timestamp": "2019-05-19T18:57:30.888583Z",
    "traceId": "Root=1-5ce1a71a-d226ae70343fe1c0fbd1e760",
    "type": "h2",
    "userAgent": "Mozilla/5.0 (Macintosh; Intel Mac OS X 10_14_4) AppleWebKit/537.36 (KHTML, like Gecko) Chrome/74.0.3729.157 Safari/537.36",
  },
  Object {
    "actionsExecuted": Array [
      "forward",
    ],
    "chosenCertArn": "arn:aws:acm:eu-west-2:123456789012:certificate/887fba39-8ccc-4274-8b3f-10da0f1a5540",
    "clientIp": "1.2.3.4",
    "clientPort": 56716,
    "domainName": "example-lb.jsherz.com",
    "elb": "app/jsj-test-lb/cb82e1b11d63594a",
    "elbStatusCode": 304,
    "errorReason": null,
    "matchedRulePriority": 0,
    "receivedBytes": 12,
    "redirectUrl": null,
    "request": "GET https://example-lb.jsherz.com:443/ HTTP/2.0",
    "requestCreationTime": "2019-05-19T18:57:31.226000Z",
    "requestProcessingTime": 0,
    "responseProcessingTime": 0,
    "sentBytes": 103,
    "sslCipher": "ECDHE-RSA-AES128-GCM-SHA256",
    "sslProtocol": "TLSv1.2",
    "targetGroupArn": "arn:aws:elasticloadbalancing:eu-west-2:123456789012:targetgroup/my-example/dc5cd405ccb3bda2",
    "targetIp": "172.31.12.189",
    "targetPort": 3000,
    "targetProcessingTime": 0,
    "targetStatusCode": 304,
    "timestamp": "2019-05-19T18:57:31.227497Z",
    "traceId": "Root=1-5ce1a71b-c8f85da0f2edf89035f33440",
    "type": "h2",
    "userAgent": "Mozilla/5.0 (Macintosh; Intel Mac OS X 10_14_4) AppleWebKit/537.36 (KHTML, like Gecko) Chrome/74.0.3729.157 Safari/537.36",
  },
  Object {
    "actionsExecuted": Array [
      "forward",
    ],
    "chosenCertArn": "arn:aws:acm:eu-west-2:123456789012:certificate/887fba39-8ccc-4274-8b3f-10da0f1a5540",
    "clientIp": "1.2.3.4",
    "clientPort": 56716,
    "domainName": "example-lb.jsherz.com",
    "elb": "app/jsj-test-lb/cb82e1b11d63594a",
    "elbStatusCode": 404,
    "errorReason": null,
    "matchedRulePriority": 0,
    "receivedBytes": 26,
    "redirectUrl": null,
    "request": "GET https://example-lb.jsherz.com:443/nginx-logo.png HTTP/2.0",
    "requestCreationTime": "2019-05-19T18:57:31.266000Z",
    "requestProcessingTime": 0,
    "responseProcessingTime": 0,
    "sentBytes": 3767,
    "sslCipher": "ECDHE-RSA-AES128-GCM-SHA256",
    "sslProtocol": "TLSv1.2",
    "targetGroupArn": "arn:aws:elasticloadbalancing:eu-west-2:123456789012:targetgroup/my-example/dc5cd405ccb3bda2",
    "targetIp": "172.31.10.152",
    "targetPort": 3000,
    "targetProcessingTime": 0,
    "targetStatusCode": 404,
    "timestamp": "2019-05-19T18:57:31.267439Z",
    "traceId": "Root=1-5ce1a71b-89cdcc300318737097de8d20",
    "type": "h2",
    "userAgent": "Mozilla/5.0 (Macintosh; Intel Mac OS X 10_14_4) AppleWebKit/537.36 (KHTML, like Gecko) Chrome/74.0.3729.157 Safari/537.36",
  },
  Object {
    "actionsExecuted": Array [
      "forward",
    ],
    "chosenCertArn": "arn:aws:acm:eu-west-2:123456789012:certificate/887fba39-8ccc-4274-8b3f-10da0f1a5540",
    "clientIp": "1.2.3.4",
    "clientPort": 56716,
    "domainName": "example-lb.jsherz.com",
    "elb": "app/jsj-test-lb/cb82e1b11d63594a",
    "elbStatusCode": 304,
    "errorReason": null,
    "matchedRulePriority": 0,
    "receivedBytes": 12,
    "redirectUrl": null,
    "request": "GET https://example-lb.jsherz.com:443/ HTTP/2.0",
    "requestCreationTime": "2019-05-19T18:57:31.468000Z",
    "requestProcessingTime": 0,
    "responseProcessingTime": 0,
    "sentBytes": 103,
    "sslCipher": "ECDHE-RSA-AES128-GCM-SHA256",
    "sslProtocol": "TLSv1.2",
    "targetGroupArn": "arn:aws:elasticloadbalancing:eu-west-2:123456789012:targetgroup/my-example/dc5cd405ccb3bda2",
    "targetIp": "172.31.12.189",
    "targetPort": 3000,
    "targetProcessingTime": 0,
    "targetStatusCode": 304,
    "timestamp": "2019-05-19T18:57:31.469157Z",
    "traceId": "Root=1-5ce1a71b-daa8f6a0b5ffd1609b4560f0",
    "type": "h2",
    "userAgent": "Mozilla/5.0 (Macintosh; Intel Mac OS X 10_14_4) AppleWebKit/537.36 (KHTML, like Gecko) Chrome/74.0.3729.157 Safari/537.36",
  },
  Object {
    "actionsExecuted": Array [
      "forward",
    ],
    "chosenCertArn": "arn:aws:acm:eu-west-2:123456789012:certificate/887fba39-8ccc-4274-8b3f-10da0f1a5540",
    "clientIp": "1.2.3.4",
    "clientPort": 56716,
    "domainName": "example-lb.jsherz.com",
    "elb": "app/jsj-test-lb/cb82e1b11d63594a",
    "elbStatusCode": 404,
    "errorReason": null,
    "matchedRulePriority": 0,
    "receivedBytes": 26,
    "redirectUrl": null,
    "request": "GET https://example-lb.jsherz.com:443/nginx-logo.png HTTP/2.0",
    "requestCreationTime": "2019-05-19T18:57:31.508000Z",
    "requestProcessingTime": 0,
    "responseProcessingTime": 0,
    "sentBytes": 3767,
    "sslCipher": "ECDHE-RSA-AES128-GCM-SHA256",
    "sslProtocol": "TLSv1.2",
    "targetGroupArn": "arn:aws:elasticloadbalancing:eu-west-2:123456789012:targetgroup/my-example/dc5cd405ccb3bda2",
    "targetIp": "172.31.10.152",
    "targetPort": 3000,
    "targetProcessingTime": 0,
    "targetStatusCode": 404,
    "timestamp": "2019-05-19T18:57:31.512744Z",
    "traceId": "Root=1-5ce1a71b-22fece40d50ab5a02a4428f0",
    "type": "h2",
    "userAgent": "Mozilla/5.0 (Macintosh; Intel Mac OS X 10_14_4) AppleWebKit/537.36 (KHTML, like Gecko) Chrome/74.0.3729.157 Safari/537.36",
  },
  Object {
    "actionsExecuted": Array [
      "forward",
    ],
    "chosenCertArn": "arn:aws:acm:eu-west-2:123456789012:certificate/887fba39-8ccc-4274-8b3f-10da0f1a5540",
    "clientIp": "1.2.3.4",
    "clientPort": 56716,
    "domainName": "example-lb.jsherz.com",
    "elb": "app/jsj-test-lb/cb82e1b11d63594a",
    "elbStatusCode": 304,
    "errorReason": null,
    "matchedRulePriority": 0,
    "receivedBytes": 12,
    "redirectUrl": null,
    "request": "GET https://example-lb.jsherz.com:443/ HTTP/2.0",
    "requestCreationTime": "2019-05-19T18:57:31.628000Z",
    "requestProcessingTime": 0,
    "responseProcessingTime": 0,
    "sentBytes": 103,
    "sslCipher": "ECDHE-RSA-AES128-GCM-SHA256",
    "sslProtocol": "TLSv1.2",
    "targetGroupArn": "arn:aws:elasticloadbalancing:eu-west-2:123456789012:targetgroup/my-example/dc5cd405ccb3bda2",
    "targetIp": "172.31.12.189",
    "targetPort": 3000,
    "targetProcessingTime": 0,
    "targetStatusCode": 304,
    "timestamp": "2019-05-19T18:57:31.628768Z",
    "traceId": "Root=1-5ce1a71b-ff317bd087e6b7704ef4f0b0",
    "type": "h2",
    "userAgent": "Mozilla/5.0 (Macintosh; Intel Mac OS X 10_14_4) AppleWebKit/537.36 (KHTML, like Gecko) Chrome/74.0.3729.157 Safari/537.36",
  },
  Object {
    "actionsExecuted": Array [
      "forward",
    ],
    "chosenCertArn": "arn:aws:acm:eu-west-2:123456789012:certificate/887fba39-8ccc-4274-8b3f-10da0f1a5540",
    "clientIp": "1.2.3.4",
    "clientPort": 56716,
    "domainName": "example-lb.jsherz.com",
    "elb": "app/jsj-test-lb/cb82e1b11d63594a",
    "elbStatusCode": 404,
    "errorReason": null,
    "matchedRulePriority": 0,
    "receivedBytes": 26,
    "redirectUrl": null,
    "request": "GET https://example-lb.jsherz.com:443/nginx-logo.png HTTP/2.0",
    "requestCreationTime": "2019-05-19T18:57:31.671000Z",
    "requestProcessingTime": 0,
    "responseProcessingTime": 0,
    "sentBytes": 3767,
    "sslCipher": "ECDHE-RSA-AES128-GCM-SHA256",
    "sslProtocol": "TLSv1.2",
    "targetGroupArn": "arn:aws:elasticloadbalancing:eu-west-2:123456789012:targetgroup/my-example/dc5cd405ccb3bda2",
    "targetIp": "172.31.10.152",
    "targetPort": 3000,
    "targetProcessingTime": 0,
    "targetStatusCode": 404,
    "timestamp": "2019-05-19T18:57:31.672722Z",
    "traceId": "Root=1-5ce1a71b-dc189320c1d8d360831bdd00",
    "type": "h2",
    "userAgent": "Mozilla/5.0 (Macintosh; Intel Mac OS X 10_14_4) AppleWebKit/537.36 (KHTML, like Gecko) Chrome/74.0.3729.157 Safari/537.36",
  },
  Object {
    "actionsExecuted": Array [
      "forward",
    ],
    "chosenCertArn": "arn:aws:acm:eu-west-2:123456789012:certificate/887fba39-8ccc-4274-8b3f-10da0f1a5540",
    "clientIp": "1.2.3.4",
    "clientPort": 56716,
    "domainName": "example-lb.jsherz.com",
    "elb": "app/jsj-test-lb/cb82e1b11d63594a",
    "elbStatusCode": 304,
    "errorReason": null,
    "matchedRulePriority": 0,
    "receivedBytes": 12,
    "redirectUrl": null,
    "request": "GET https://example-lb.jsherz.com:443/ HTTP/2.0",
    "requestCreationTime": "2019-05-19T18:57:31.786000Z",
    "requestProcessingTime": 0,
    "responseProcessingTime": 0,
    "sentBytes": 103,
    "sslCipher": "ECDHE-RSA-AES128-GCM-SHA256",
    "sslProtocol": "TLSv1.2",
    "targetGroupArn": "arn:aws:elasticloadbalancing:eu-west-2:123456789012:targetgroup/my-example/dc5cd405ccb3bda2",
    "targetIp": "172.31.12.189",
    "targetPort": 3000,
    "targetProcessingTime": 0,
    "targetStatusCode": 304,
    "timestamp": "2019-05-19T18:57:31.787447Z",
    "traceId": "Root=1-5ce1a71b-69f032b039644e101af7d1f0",
    "type": "h2",
    "userAgent": "Mozilla/5.0 (Macintosh; Intel Mac OS X 10_14_4) AppleWebKit/537.36 (KHTML, like Gecko) Chrome/74.0.3729.157 Safari/537.36",
  },
  Object {
    "actionsExecuted": Array [
      "forward",
    ],
    "chosenCertArn": "arn:aws:acm:eu-west-2:123456789012:certificate/887fba39-8ccc-4274-8b3f-10da0f1a5540",
    "clientIp": "1.2.3.4",
    "clientPort": 56716,
    "domainName": "example-lb.jsherz.com",
    "elb": "app/jsj-test-lb/cb82e1b11d63594a",
    "elbStatusCode": 404,
    "errorReason": null,
    "matchedRulePriority": 0,
    "receivedBytes": 26,
    "redirectUrl": null,
    "request": "GET https://example-lb.jsherz.com:443/nginx-logo.png HTTP/2.0",
    "requestCreationTime": "2019-05-19T18:57:31.830000Z",
    "requestProcessingTime": 0,
    "responseProcessingTime": 0,
    "sentBytes": 3767,
    "sslCipher": "ECDHE-RSA-AES128-GCM-SHA256",
    "sslProtocol": "TLSv1.2",
    "targetGroupArn": "arn:aws:elasticloadbalancing:eu-west-2:123456789012:targetgroup/my-example/dc5cd405ccb3bda2",
    "targetIp": "172.31.10.152",
    "targetPort": 3000,
    "targetProcessingTime": 0,
    "targetStatusCode": 404,
    "timestamp": "2019-05-19T18:57:31.831819Z",
    "traceId": "Root=1-5ce1a71b-d0128c40526d9ec086cfeb70",
    "type": "h2",
    "userAgent": "Mozilla/5.0 (Macintosh; Intel Mac OS X 10_14_4) AppleWebKit/537.36 (KHTML, like Gecko) Chrome/74.0.3729.157 Safari/537.36",
  },
  Object {
    "actionsExecuted": Array [
      "forward",
    ],
    "chosenCertArn": "arn:aws:acm:eu-west-2:123456789012:certificate/887fba39-8ccc-4274-8b3f-10da0f1a5540",
    "clientIp": "1.2.3.4",
    "clientPort": 56716,
    "domainName": "example-lb.jsherz.com",
    "elb": "app/jsj-test-lb/cb82e1b11d63594a",
    "elbStatusCode": 304,
    "errorReason": null,
    "matchedRulePriority": 0,
    "receivedBytes": 12,
    "redirectUrl": null,
    "request": "GET https://example-lb.jsherz.com:443/ HTTP/2.0",
    "requestCreationTime": "2019-05-19T18:57:31.966000Z",
    "requestProcessingTime": 0,
    "responseProcessingTime": 0,
    "sentBytes": 103,
    "sslCipher": "ECDHE-RSA-AES128-GCM-SHA256",
    "sslProtocol": "TLSv1.2",
    "targetGroupArn": "arn:aws:elasticloadbalancing:eu-west-2:123456789012:targetgroup/my-example/dc5cd405ccb3bda2",
    "targetIp": "172.31.12.189",
    "targetPort": 3000,
    "targetProcessingTime": 0,
    "targetStatusCode": 304,
    "timestamp": "2019-05-19T18:57:31.967343Z",
    "traceId": "Root=1-5ce1a71b-17545220499edee080ea3fb0",
    "type": "h2",
    "userAgent": "Mozilla/5.0 (Macintosh; Intel Mac OS X 10_14_4) AppleWebKit/537.36 (KHTML, like Gecko) Chrome/74.0.3729.157 Safari/537.36",
  },
  Object {
    "actionsExecuted": Array [
      "forward",
    ],
    "chosenCertArn": "arn:aws:acm:eu-west-2:123456789012:certificate/887fba39-8ccc-4274-8b3f-10da0f1a5540",
    "clientIp": "1.2.3.4",
    "clientPort": 56716,
    "domainName": "example-lb.jsherz.com",
    "elb": "app/jsj-test-lb/cb82e1b11d63594a",
    "elbStatusCode": 404,
    "errorReason": null,
    "matchedRulePriority": 0,
    "receivedBytes": 26,
    "redirectUrl": null,
    "request": "GET https://example-lb.jsherz.com:443/nginx-logo.png HTTP/2.0",
    "requestCreationTime": "2019-05-19T18:57:32.005000Z",
    "requestProcessingTime": 0,
    "responseProcessingTime": 0,
    "sentBytes": 3767,
    "sslCipher": "ECDHE-RSA-AES128-GCM-SHA256",
    "sslProtocol": "TLSv1.2",
    "targetGroupArn": "arn:aws:elasticloadbalancing:eu-west-2:123456789012:targetgroup/my-example/dc5cd405ccb3bda2",
    "targetIp": "172.31.10.152",
    "targetPort": 3000,
    "targetProcessingTime": 0,
    "targetStatusCode": 404,
    "timestamp": "2019-05-19T18:57:32.006825Z",
    "traceId": "Root=1-5ce1a71c-4b9433e04570d77011c95db0",
    "type": "h2",
    "userAgent": "Mozilla/5.0 (Macintosh; Intel Mac OS X 10_14_4) AppleWebKit/537.36 (KHTML, like Gecko) Chrome/74.0.3729.157 Safari/537.36",
  },
  Object {
    "actionsExecuted": Array [
      "forward",
    ],
    "chosenCertArn": "arn:aws:acm:eu-west-2:123456789012:certificate/887fba39-8ccc-4274-8b3f-10da0f1a5540",
    "clientIp": "1.2.3.4",
    "clientPort": 56716,
    "domainName": "example-lb.jsherz.com",
    "elb": "app/jsj-test-lb/cb82e1b11d63594a",
    "elbStatusCode": 304,
    "errorReason": null,
    "matchedRulePriority": 0,
    "receivedBytes": 12,
    "redirectUrl": null,
    "request": "GET https://example-lb.jsherz.com:443/ HTTP/2.0",
    "requestCreationTime": "2019-05-19T18:57:32.115000Z",
    "requestProcessingTime": 0,
    "responseProcessingTime": 0,
    "sentBytes": 103,
    "sslCipher": "ECDHE-RSA-AES128-GCM-SHA256",
    "sslProtocol": "TLSv1.2",
    "targetGroupArn": "arn:aws:elasticloadbalancing:eu-west-2:123456789012:targetgroup/my-example/dc5cd405ccb3bda2",
    "targetIp": "172.31.12.189",
    "targetPort": 3000,
    "targetProcessingTime": 0,
    "targetStatusCode": 304,
    "timestamp": "2019-05-19T18:57:32.116232Z",
    "traceId": "Root=1-5ce1a71c-3e822c707b640bb0e3f00c20",
    "type": "h2",
    "userAgent": "Mozilla/5.0 (Macintosh; Intel Mac OS X 10_14_4) AppleWebKit/537.36 (KHTML, like Gecko) Chrome/74.0.3729.157 Safari/537.36",
  },
  Object {
    "actionsExecuted": Array [
      "forward",
    ],
    "chosenCertArn": "arn:aws:acm:eu-west-2:123456789012:certificate/887fba39-8ccc-4274-8b3f-10da0f1a5540",
    "clientIp": "1.2.3.4",
    "clientPort": 56716,
    "domainName": "example-lb.jsherz.com",
    "elb": "app/jsj-test-lb/cb82e1b11d63594a",
    "elbStatusCode": 404,
    "errorReason": null,
    "matchedRulePriority": 0,
    "receivedBytes": 26,
    "redirectUrl": null,
    "request": "GET https://example-lb.jsherz.com:443/nginx-logo.png HTTP/2.0",
    "requestCreationTime": "2019-05-19T18:57:32.164000Z",
    "requestProcessingTime": 0,
    "responseProcessingTime": 0,
    "sentBytes": 3776,
    "sslCipher": "ECDHE-RSA-AES128-GCM-SHA256",
    "sslProtocol": "TLSv1.2",
    "targetGroupArn": "arn:aws:elasticloadbalancing:eu-west-2:123456789012:targetgroup/my-example/dc5cd405ccb3bda2",
    "targetIp": "172.31.10.152",
    "targetPort": 3000,
    "targetProcessingTime": 0,
    "targetStatusCode": 404,
    "timestamp": "2019-05-19T18:57:32.165350Z",
    "traceId": "Root=1-5ce1a71c-419ab1101342aa00ace869c0",
    "type": "h2",
    "userAgent": "Mozilla/5.0 (Macintosh; Intel Mac OS X 10_14_4) AppleWebKit/537.36 (KHTML, like Gecko) Chrome/74.0.3729.157 Safari/537.36",
  },
]
`;
